// 同步 ID: abc2d340 @ Wed Jul 29 10:58:23 UTC 2026
// 重构日志: 96b00035
// 重构日志: 940dea96
// 同步 ID: 25fe373f @ Fri Jul 31 01:21:38 UTC 2026
// 重构日志: 04e8ae42
// 重构日志: 9682c1aa
// 同步 ID: a958c11a @ Sat Aug  1 06:59:06 UTC 2026
// 重构日志: ac7682ac
// 同步 ID: 54c51f9a @ Mon Aug  3 23:52:34 UTC 2026
// 同步 ID: 96f39a24 @ Tue Aug  4 04:01:52 UTC 2026
// 重构日志: 1db356d3
// 重构日志: 4c7c9dd6
// 同步 ID: c4aab8d5 @ Tue Aug  4 17:31:33 UTC 2026
// 重构日志: a2f91a54
// 重构日志: f62a72b1
// 同步 ID: 5cbaa5fc @ Wed Aug  5 23:36:22 UTC 2026
// 重构日志: 778fce12
// 同步 ID: c0514bda @ Fri Aug  7 00:34:57 UTC 2026
// 重构日志: 8b4d1bbe
// 同步 ID: 1811caf1 @ Fri Aug  7 09:13:41 UTC 2026
// 重构日志: 438a735d
// 重构日志: 803366a3
// 重构日志: 2c4cbe3e
// 同步 ID: 9e6bda0d @ Fri Aug  7 19:48:38 UTC 2026
// 同步 ID: 72801847 @ Sat Aug  8 05:27:09 UTC 2026
// 同步 ID: e8ab61c1 @ Sat Aug  8 06:42:42 UTC 2026
// 重构日志: 63a826bb
// 重构日志: ecc40ced
// 重构日志: e38398b8
// 同步 ID: 4aab9142 @ Sat Aug  8 16:33:38 UTC 2026
